[1m[92m   Compiling[0m proc-macro-error-attr v1.0.4
[1m[92m   Compiling[0m semver v1.0.28
[1m[92m   Compiling[0m syn v1.0.109
[1m[92m   Compiling[0m proc-macro-error v1.0.4
[1m[92m   Compiling[0m zerovec v0.11.7
[1m[92m    Checking[0m bitflags v2.13.1
[1m[92m    Checking[0m futures-core v0.3.34
[1m[92m   Compiling[0m parking_lot_core v0.9.12
[1m[92m   Compiling[0m toml_datetime v0.6.3
[1m[92m   Compiling[0m serde_spanned v0.6.9
[1m[92m    Checking[0m pin-project-lite v0.2.17
[1m[92m   Compiling[0m toml_edit v0.20.2
[1m[92m   Compiling[0m phf_macros v0.13.1
[1m[92m   Compiling[0m futures-macro v0.3.34
[1m[92m    Checking[0m futures-task v0.3.34
[1m[92m    Checking[0m once_cell v1.21.4
[1m[92m    Checking[0m slab v0.4.12
[1m[92m   Compiling[0m thiserror-impl v2.0.20
[1m[92m   Compiling[0m num-conv v0.2.2
[1m[92m    Checking[0m futures-util v0.3.34
[1m[92m   Compiling[0m heck v0.4.1
[1m[92m   Compiling[0m typeid v1.0.3
[1m[92m   Compiling[0m time-core v0.1.9
[1m[92m   Compiling[0m toml v0.8.2
[1m[92m   Compiling[0m proc-macro-crate v2.0.2
[1m[92m   Compiling[0m system-deps v6.2.2
[1m[92m   Compiling[0m tinystr v0.8.4
[1m[92m    Checking[0m futures-executor v0.3.34
[1m[92m    Checking[0m futures-channel v0.3.34
[1m[92m   Compiling[0m rustc_version v0.4.1
[1m[92m   Compiling[0m phf_codegen v0.13.1
[1m[92m   Compiling[0m itoa v1.0.18
[1m[92m   Compiling[0m strsim v0.11.1
[1m[92m   Compiling[0m litemap v0.8.3
[1m[92m   Compiling[0m glib-macros v0.18.5
[1m[92m   Compiling[0m ident_case v1.0.1
[1m[92m   Compiling[0m glib-sys v0.18.1
[1m[92m   Compiling[0m gobject-sys v0.18.0
[1m[92m   Compiling[0m gio-sys v0.18.1
[1m[33mwarning[0m: gio-sys@0.18.1: 
[1m[91merror[0m: failed to run custom build command for `gio-sys v0.18.1`

Caused by:
  process didn't exit successfully: `/home/runner/work/Systems-Modeler-Pro/Systems-Modeler-Pro/target/debug/build/gio-sys-30d93f91e6c61e6d/build-script-build` (exit status: 1)
  --- stdout
  cargo:rerun-if-env-changed=GIO_2.0_NO_PKG_CONFIG
  cargo:rerun-if-env-changed=PKG_CONFIG_x86_64-unknown-linux-gnu
  cargo:rerun-if-env-changed=PKG_CONFIG_x86_64_unknown_linux_gnu
  cargo:rerun-if-env-changed=HOST_PKG_CONFIG
  cargo:rerun-if-env-changed=PKG_CONFIG
  cargo:rerun-if-env-changed=PKG_CONFIG_PATH_x86_64-unknown-linux-gnu
  cargo:rerun-if-env-changed=PKG_CONFIG_PATH_x86_64_unknown_linux_gnu
  cargo:rerun-if-env-changed=HOST_PKG_CONFIG_PATH
  cargo:rerun-if-env-changed=PKG_CONFIG_PATH
  cargo:rerun-if-env-changed=PKG_CONFIG_LIBDIR_x86_64-unknown-linux-gnu
  cargo:rerun-if-env-changed=PKG_CONFIG_LIBDIR_x86_64_unknown_linux_gnu
  cargo:rerun-if-env-changed=HOST_PKG_CONFIG_LIBDIR
  cargo:rerun-if-env-changed=PKG_CONFIG_LIBDIR
  cargo:rerun-if-env-changed=PKG_CONFIG_SYSROOT_DIR_x86_64-unknown-linux-gnu
  cargo:rerun-if-env-changed=PKG_CONFIG_SYSROOT_DIR_x86_64_unknown_linux_gnu
  cargo:rerun-if-env-changed=HOST_PKG_CONFIG_SYSROOT_DIR
  cargo:rerun-if-env-changed=PKG_CONFIG_SYSROOT_DIR
  cargo:warning=
  pkg-config exited with status code 1
  > PKG_CONFIG_ALLOW_SYSTEM_CFLAGS=1 pkg-config --libs --cflags gio-2.0 'gio-2.0 >= 2.70'

  pkg-config output:
    Package gio-2.0 was not found in the pkg-config search path.
    Perhaps you should add the directory containing `gio-2.0.pc'
    to the PKG_CONFIG_PATH environment variable
    Package 'gio-2.0', required by 'virtual:world', not found
    Package 'gio-2.0', required by 'virtual:world', not found

  The system library `gio-2.0` required by crate `gio-sys` was not found.
  The file `gio-2.0.pc` needs to be installed and the PKG_CONFIG_PATH environment variable must contain its parent directory.
  The PKG_CONFIG_PATH environment variable is not set.

  HINT: if you have installed the library, try setting PKG_CONFIG_PATH to the directory containing `gio-2.0.pc`.

[1m[33mwarning[0m: build failed, waiting for other jobs to finish...
[1m[33mwarning[0m: glib-sys@0.18.1: 
[1m[91merror[0m: failed to run custom build command for `glib-sys v0.18.1`

Caused by:
  process didn't exit successfully: `/home/runner/work/Systems-Modeler-Pro/Systems-Modeler-Pro/target/debug/build/glib-sys-675fb9c2ab21420f/build-script-build` (exit status: 1)
  --- stdout
  cargo:rerun-if-env-changed=GLIB_2.0_NO_PKG_CONFIG
  cargo:rerun-if-env-changed=PKG_CONFIG_x86_64-unknown-linux-gnu
  cargo:rerun-if-env-changed=PKG_CONFIG_x86_64_unknown_linux_gnu
  cargo:rerun-if-env-changed=HOST_PKG_CONFIG
  cargo:rerun-if-env-changed=PKG_CONFIG
  cargo:rerun-if-env-changed=PKG_CONFIG_PATH_x86_64-unknown-linux-gnu
  cargo:rerun-if-env-changed=PKG_CONFIG_PATH_x86_64_unknown_linux_gnu
  cargo:rerun-if-env-changed=HOST_PKG_CONFIG_PATH
  cargo:rerun-if-env-changed=PKG_CONFIG_PATH
  cargo:rerun-if-env-changed=PKG_CONFIG_LIBDIR_x86_64-unknown-linux-gnu
  cargo:rerun-if-env-changed=PKG_CONFIG_LIBDIR_x86_64_unknown_linux_gnu
  cargo:rerun-if-env-changed=HOST_PKG_CONFIG_LIBDIR
  cargo:rerun-if-env-changed=PKG_CONFIG_LIBDIR
  cargo:rerun-if-env-changed=PKG_CONFIG_SYSROOT_DIR_x86_64-unknown-linux-gnu
  cargo:rerun-if-env-changed=PKG_CONFIG_SYSROOT_DIR_x86_64_unknown_linux_gnu
  cargo:rerun-if-env-changed=HOST_PKG_CONFIG_SYSROOT_DIR
  cargo:rerun-if-env-changed=PKG_CONFIG_SYSROOT_DIR
  cargo:warning=
  pkg-config exited with status code 1
  > PKG_CONFIG_ALLOW_SYSTEM_CFLAGS=1 pkg-config --libs --cflags glib-2.0 'glib-2.0 >= 2.70'

  pkg-config output:
    Package glib-2.0 was not found in the pkg-config search path.
    Perhaps you should add the directory containing `glib-2.0.pc'
    to the PKG_CONFIG_PATH environment variable
    Package 'glib-2.0', required by 'virtual:world', not found
    Package 'glib-2.0', required by 'virtual:world', not found

  The system library `glib-2.0` required by crate `glib-sys` was not found.
  The file `glib-2.0.pc` needs to be installed and the PKG_CONFIG_PATH environment variable must contain its parent directory.
  The PKG_CONFIG_PATH environment variable is not set.

  HINT: if you have installed the library, try setting PKG_CONFIG_PATH to the directory containing `glib-2.0.pc`.

[1m[33mwarning[0m: gobject-sys@0.18.0: 
[1m[91merror[0m: failed to run custom build command for `gobject-sys v0.18.0`

Caused by:
  process didn't exit successfully: `/home/runner/work/Systems-Modeler-Pro/Systems-Modeler-Pro/target/debug/build/gobject-sys-bab624fd554a493f/build-script-build` (exit status: 1)
  --- stdout
  cargo:rerun-if-env-changed=GOBJECT_2.0_NO_PKG_CONFIG
  cargo:rerun-if-env-changed=PKG_CONFIG_x86_64-unknown-linux-gnu
  cargo:rerun-if-env-changed=PKG_CONFIG_x86_64_unknown_linux_gnu
  cargo:rerun-if-env-changed=HOST_PKG_CONFIG
  cargo:rerun-if-env-changed=PKG_CONFIG
  cargo:rerun-if-env-changed=PKG_CONFIG_PATH_x86_64-unknown-linux-gnu
  cargo:rerun-if-env-changed=PKG_CONFIG_PATH_x86_64_unknown_linux_gnu
  cargo:rerun-if-env-changed=HOST_PKG_CONFIG_PATH
  cargo:rerun-if-env-changed=PKG_CONFIG_PATH
  cargo:rerun-if-env-changed=PKG_CONFIG_LIBDIR_x86_64-unknown-linux-gnu
  cargo:rerun-if-env-changed=PKG_CONFIG_LIBDIR_x86_64_unknown_linux_gnu
  cargo:rerun-if-env-changed=HOST_PKG_CONFIG_LIBDIR
  cargo:rerun-if-env-changed=PKG_CONFIG_LIBDIR
  cargo:rerun-if-env-changed=PKG_CONFIG_SYSROOT_DIR_x86_64-unknown-linux-gnu
  cargo:rerun-if-env-changed=PKG_CONFIG_SYSROOT_DIR_x86_64_unknown_linux_gnu
  cargo:rerun-if-env-changed=HOST_PKG_CONFIG_SYSROOT_DIR
  cargo:rerun-if-env-changed=PKG_CONFIG_SYSROOT_DIR
  cargo:warning=
  pkg-config exited with status code 1
  > PKG_CONFIG_ALLOW_SYSTEM_CFLAGS=1 pkg-config --libs --cflags gobject-2.0 'gobject-2.0 >= 2.70'

  pkg-config output:
    Package gobject-2.0 was not found in the pkg-config search path.
    Perhaps you should add the directory containing `gobject-2.0.pc'
    to the PKG_CONFIG_PATH environment variable
    Package 'gobject-2.0', required by 'virtual:world', not found
    Package 'gobject-2.0', required by 'virtual:world', not found

  The system library `gobject-2.0` required by crate `gobject-sys` was not found.
  The file `gobject-2.0.pc` needs to be installed and the PKG_CONFIG_PATH environment variable must contain its parent directory.
  The PKG_CONFIG_PATH environment variable is not set.

  HINT: if you have installed the library, try setting PKG_CONFIG_PATH to the directory containing `gobject-2.0.pc`.

